-0.00217026750348,-0.00538701356945,0.00755727961649
